[?25l              
   [;mdns53[0m      
              
 (ctrl+c) quit
              
              
                                                                     
                                                                     
   [1;;mPHZ:[0m             AAAAAAAAAAAAAAAAAAAAAAAA [testing]               
                                                                     
                                                                     
   [1;;mEC2:[0m             172.16.34.43   :>   us-east-1   :>   vpc-d295a6a7
                                                                     
                                                                     
   [1;;mDomain:[0m          custom.ec2.dns53.testing   ~>   localhost   [A]  [0D[?25h[2K[?1002l[?1003l[?25h